State 0 conflicts: 11 shift/reduce


Grammar

    0 $accept: statements "EOF"

    1 statements: ε
    2           | statements expression ";"
    3           | expression ";"

    4 expression: "number"
    5           | expression "+" expression
    6           | expression "-" expression
    7           | expression "*" expression
    8           | expression "/" expression
    9           | "(" expression ")"
   10           | "sin" "(" expression ")"
   11           | "cos" "(" expression ")"
   12           | "tan" "(" expression ")"
   13           | "cot" "(" expression ")"
   14           | "π"
   15           | "e"
   16           | expression "^" expression
   17           | "root" "(" expression ")"
   18           | "log" "(" expression ")"
   19           | expression "mod" expression
   20           | expression "!"
   21           | "not" expression
   22           | expression "and" expression
   23           | expression "OR" expression
   24           | expression "xor" expression
   25           | expression "nand" expression


Terminals, with rules where they appear

    "EOF" (0) 0
    error (256)
    "number" <doubleval> (258) 4
    "+" <strval> (259) 5
    "-" <strval> (260) 6
    "*" <strval> (261) 7
    "/" <strval> (262) 8
    "^" <strval> (263) 16
    "log" <strval> (264) 18
    "!" <strval> (265) 20
    "mod" <strval> (266) 19
    "root" <strval> (267) 17
    "π" <strval> (268) 14
    "e" <strval> (269) 15
    "(" <strval> (270) 9 10 11 12 13 17 18
    ")" <strval> (271) 9 10 11 12 13 17 18
    ";" <strval> (272) 2 3
    "sin" <strval> (273) 10
    "cos" <strval> (274) 11
    "tan" <strval> (275) 12
    "cot" <strval> (276) 13
    "not" <strval> (277) 21
    "and" <strval> (278) 22
    "OR" <strval> (279) 23
    "xor" <strval> (280) 24
    "nand" <strval> (281) 25


Nonterminals, with rules where they appear

    $accept (27)
        on left: 0
    statements (28)
        on left: 1 2 3
        on right: 0 2
    expression <ast> (29)
        on left: 4 5 6 7 8 9 10 11 12 13 14 15 16 17 18 19 20 21 22 23 24 25
        on right: 2 3 5 6 7 8 9 10 11 12 13 16 17 18 19 20 21 22 23 24 25


State 0

    0 $accept: • statements "EOF"

    "number"  shift, and go to state 1
    "log"     shift, and go to state 2
    "root"    shift, and go to state 3
    "π"       shift, and go to state 4
    "e"       shift, and go to state 5
    "("       shift, and go to state 6
    "sin"     shift, and go to state 7
    "cos"     shift, and go to state 8
    "tan"     shift, and go to state 9
    "cot"     shift, and go to state 10
    "not"     shift, and go to state 11

    "number"  [reduce using rule 1 (statements)]
    "log"     [reduce using rule 1 (statements)]
    "root"    [reduce using rule 1 (statements)]
    "π"       [reduce using rule 1 (statements)]
    "e"       [reduce using rule 1 (statements)]
    "("       [reduce using rule 1 (statements)]
    "sin"     [reduce using rule 1 (statements)]
    "cos"     [reduce using rule 1 (statements)]
    "tan"     [reduce using rule 1 (statements)]
    "cot"     [reduce using rule 1 (statements)]
    "not"     [reduce using rule 1 (statements)]
    $default  reduce using rule 1 (statements)

    statements  go to state 12
    expression  go to state 13


State 1

    4 expression: "number" •

    $default  reduce using rule 4 (expression)


State 2

   18 expression: "log" • "(" expression ")"

    "("  shift, and go to state 14


State 3

   17 expression: "root" • "(" expression ")"

    "("  shift, and go to state 15


State 4

   14 expression: "π" •

    $default  reduce using rule 14 (expression)


State 5

   15 expression: "e" •

    $default  reduce using rule 15 (expression)


State 6

    9 expression: "(" • expression ")"

    "number"  shift, and go to state 1
    "log"     shift, and go to state 2
    "root"    shift, and go to state 3
    "π"       shift, and go to state 4
    "e"       shift, and go to state 5
    "("       shift, and go to state 6
    "sin"     shift, and go to state 7
    "cos"     shift, and go to state 8
    "tan"     shift, and go to state 9
    "cot"     shift, and go to state 10
    "not"     shift, and go to state 11

    expression  go to state 16


State 7

   10 expression: "sin" • "(" expression ")"

    "("  shift, and go to state 17


State 8

   11 expression: "cos" • "(" expression ")"

    "("  shift, and go to state 18


State 9

   12 expression: "tan" • "(" expression ")"

    "("  shift, and go to state 19


State 10

   13 expression: "cot" • "(" expression ")"

    "("  shift, and go to state 20


State 11

   21 expression: "not" • expression

    "number"  shift, and go to state 1
    "log"     shift, and go to state 2
    "root"    shift, and go to state 3
    "π"       shift, and go to state 4
    "e"       shift, and go to state 5
    "("       shift, and go to state 6
    "sin"     shift, and go to state 7
    "cos"     shift, and go to state 8
    "tan"     shift, and go to state 9
    "cot"     shift, and go to state 10
    "not"     shift, and go to state 11

    expression  go to state 21


State 12

    0 $accept: statements • "EOF"
    2 statements: statements • expression ";"

    "EOF"     shift, and go to state 22
    "number"  shift, and go to state 1
    "log"     shift, and go to state 2
    "root"    shift, and go to state 3
    "π"       shift, and go to state 4
    "e"       shift, and go to state 5
    "("       shift, and go to state 6
    "sin"     shift, and go to state 7
    "cos"     shift, and go to state 8
    "tan"     shift, and go to state 9
    "cot"     shift, and go to state 10
    "not"     shift, and go to state 11

    expression  go to state 23


State 13

    3 statements: expression • ";"
    5 expression: expression • "+" expression
    6           | expression • "-" expression
    7           | expression • "*" expression
    8           | expression • "/" expression
   16           | expression • "^" expression
   19           | expression • "mod" expression
   20           | expression • "!"
   22           | expression • "and" expression
   23           | expression • "OR" expression
   24           | expression • "xor" expression
   25           | expression • "nand" expression

    "+"     shift, and go to state 24
    "-"     shift, and go to state 25
    "*"     shift, and go to state 26
    "/"     shift, and go to state 27
    "^"     shift, and go to state 28
    "!"     shift, and go to state 29
    "mod"   shift, and go to state 30
    ";"     shift, and go to state 31
    "and"   shift, and go to state 32
    "OR"    shift, and go to state 33
    "xor"   shift, and go to state 34
    "nand"  shift, and go to state 35


State 14

   18 expression: "log" "(" • expression ")"

    "number"  shift, and go to state 1
    "log"     shift, and go to state 2
    "root"    shift, and go to state 3
    "π"       shift, and go to state 4
    "e"       shift, and go to state 5
    "("       shift, and go to state 6
    "sin"     shift, and go to state 7
    "cos"     shift, and go to state 8
    "tan"     shift, and go to state 9
    "cot"     shift, and go to state 10
    "not"     shift, and go to state 11

    expression  go to state 36


State 15

   17 expression: "root" "(" • expression ")"

    "number"  shift, and go to state 1
    "log"     shift, and go to state 2
    "root"    shift, and go to state 3
    "π"       shift, and go to state 4
    "e"       shift, and go to state 5
    "("       shift, and go to state 6
    "sin"     shift, and go to state 7
    "cos"     shift, and go to state 8
    "tan"     shift, and go to state 9
    "cot"     shift, and go to state 10
    "not"     shift, and go to state 11

    expression  go to state 37


State 16

    5 expression: expression • "+" expression
    6           | expression • "-" expression
    7           | expression • "*" expression
    8           | expression • "/" expression
    9           | "(" expression • ")"
   16           | expression • "^" expression
   19           | expression • "mod" expression
   20           | expression • "!"
   22           | expression • "and" expression
   23           | expression • "OR" expression
   24           | expression • "xor" expression
   25           | expression • "nand" expression

    "+"     shift, and go to state 24
    "-"     shift, and go to state 25
    "*"     shift, and go to state 26
    "/"     shift, and go to state 27
    "^"     shift, and go to state 28
    "!"     shift, and go to state 29
    "mod"   shift, and go to state 30
    ")"     shift, and go to state 38
    "and"   shift, and go to state 32
    "OR"    shift, and go to state 33
    "xor"   shift, and go to state 34
    "nand"  shift, and go to state 35


State 17

   10 expression: "sin" "(" • expression ")"

    "number"  shift, and go to state 1
    "log"     shift, and go to state 2
    "root"    shift, and go to state 3
    "π"       shift, and go to state 4
    "e"       shift, and go to state 5
    "("       shift, and go to state 6
    "sin"     shift, and go to state 7
    "cos"     shift, and go to state 8
    "tan"     shift, and go to state 9
    "cot"     shift, and go to state 10
    "not"     shift, and go to state 11

    expression  go to state 39


State 18

   11 expression: "cos" "(" • expression ")"

    "number"  shift, and go to state 1
    "log"     shift, and go to state 2
    "root"    shift, and go to state 3
    "π"       shift, and go to state 4
    "e"       shift, and go to state 5
    "("       shift, and go to state 6
    "sin"     shift, and go to state 7
    "cos"     shift, and go to state 8
    "tan"     shift, and go to state 9
    "cot"     shift, and go to state 10
    "not"     shift, and go to state 11

    expression  go to state 40


State 19

   12 expression: "tan" "(" • expression ")"

    "number"  shift, and go to state 1
    "log"     shift, and go to state 2
    "root"    shift, and go to state 3
    "π"       shift, and go to state 4
    "e"       shift, and go to state 5
    "("       shift, and go to state 6
    "sin"     shift, and go to state 7
    "cos"     shift, and go to state 8
    "tan"     shift, and go to state 9
    "cot"     shift, and go to state 10
    "not"     shift, and go to state 11

    expression  go to state 41


State 20

   13 expression: "cot" "(" • expression ")"

    "number"  shift, and go to state 1
    "log"     shift, and go to state 2
    "root"    shift, and go to state 3
    "π"       shift, and go to state 4
    "e"       shift, and go to state 5
    "("       shift, and go to state 6
    "sin"     shift, and go to state 7
    "cos"     shift, and go to state 8
    "tan"     shift, and go to state 9
    "cot"     shift, and go to state 10
    "not"     shift, and go to state 11

    expression  go to state 42


State 21

    5 expression: expression • "+" expression
    6           | expression • "-" expression
    7           | expression • "*" expression
    8           | expression • "/" expression
   16           | expression • "^" expression
   19           | expression • "mod" expression
   20           | expression • "!"
   21           | "not" expression •
   22           | expression • "and" expression
   23           | expression • "OR" expression
   24           | expression • "xor" expression
   25           | expression • "nand" expression

    "+"     shift, and go to state 24
    "-"     shift, and go to state 25
    "*"     shift, and go to state 26
    "/"     shift, and go to state 27
    "^"     shift, and go to state 28
    "!"     shift, and go to state 29
    "mod"   shift, and go to state 30
    "and"   shift, and go to state 32
    "OR"    shift, and go to state 33
    "xor"   shift, and go to state 34
    "nand"  shift, and go to state 35

    $default  reduce using rule 21 (expression)


State 22

    0 $accept: statements "EOF" •

    $default  accept


State 23

    2 statements: statements expression • ";"
    5 expression: expression • "+" expression
    6           | expression • "-" expression
    7           | expression • "*" expression
    8           | expression • "/" expression
   16           | expression • "^" expression
   19           | expression • "mod" expression
   20           | expression • "!"
   22           | expression • "and" expression
   23           | expression • "OR" expression
   24           | expression • "xor" expression
   25           | expression • "nand" expression

    "+"     shift, and go to state 24
    "-"     shift, and go to state 25
    "*"     shift, and go to state 26
    "/"     shift, and go to state 27
    "^"     shift, and go to state 28
    "!"     shift, and go to state 29
    "mod"   shift, and go to state 30
    ";"     shift, and go to state 43
    "and"   shift, and go to state 32
    "OR"    shift, and go to state 33
    "xor"   shift, and go to state 34
    "nand"  shift, and go to state 35


State 24

    5 expression: expression "+" • expression

    "number"  shift, and go to state 1
    "log"     shift, and go to state 2
    "root"    shift, and go to state 3
    "π"       shift, and go to state 4
    "e"       shift, and go to state 5
    "("       shift, and go to state 6
    "sin"     shift, and go to state 7
    "cos"     shift, and go to state 8
    "tan"     shift, and go to state 9
    "cot"     shift, and go to state 10
    "not"     shift, and go to state 11

    expression  go to state 44


State 25

    6 expression: expression "-" • expression

    "number"  shift, and go to state 1
    "log"     shift, and go to state 2
    "root"    shift, and go to state 3
    "π"       shift, and go to state 4
    "e"       shift, and go to state 5
    "("       shift, and go to state 6
    "sin"     shift, and go to state 7
    "cos"     shift, and go to state 8
    "tan"     shift, and go to state 9
    "cot"     shift, and go to state 10
    "not"     shift, and go to state 11

    expression  go to state 45


State 26

    7 expression: expression "*" • expression

    "number"  shift, and go to state 1
    "log"     shift, and go to state 2
    "root"    shift, and go to state 3
    "π"       shift, and go to state 4
    "e"       shift, and go to state 5
    "("       shift, and go to state 6
    "sin"     shift, and go to state 7
    "cos"     shift, and go to state 8
    "tan"     shift, and go to state 9
    "cot"     shift, and go to state 10
    "not"     shift, and go to state 11

    expression  go to state 46


State 27

    8 expression: expression "/" • expression

    "number"  shift, and go to state 1
    "log"     shift, and go to state 2
    "root"    shift, and go to state 3
    "π"       shift, and go to state 4
    "e"       shift, and go to state 5
    "("       shift, and go to state 6
    "sin"     shift, and go to state 7
    "cos"     shift, and go to state 8
    "tan"     shift, and go to state 9
    "cot"     shift, and go to state 10
    "not"     shift, and go to state 11

    expression  go to state 47


State 28

   16 expression: expression "^" • expression

    "number"  shift, and go to state 1
    "log"     shift, and go to state 2
    "root"    shift, and go to state 3
    "π"       shift, and go to state 4
    "e"       shift, and go to state 5
    "("       shift, and go to state 6
    "sin"     shift, and go to state 7
    "cos"     shift, and go to state 8
    "tan"     shift, and go to state 9
    "cot"     shift, and go to state 10
    "not"     shift, and go to state 11

    expression  go to state 48


State 29

   20 expression: expression "!" •

    $default  reduce using rule 20 (expression)


State 30

   19 expression: expression "mod" • expression

    "number"  shift, and go to state 1
    "log"     shift, and go to state 2
    "root"    shift, and go to state 3
    "π"       shift, and go to state 4
    "e"       shift, and go to state 5
    "("       shift, and go to state 6
    "sin"     shift, and go to state 7
    "cos"     shift, and go to state 8
    "tan"     shift, and go to state 9
    "cot"     shift, and go to state 10
    "not"     shift, and go to state 11

    expression  go to state 49


State 31

    3 statements: expression ";" •

    $default  reduce using rule 3 (statements)


State 32

   22 expression: expression "and" • expression

    "number"  shift, and go to state 1
    "log"     shift, and go to state 2
    "root"    shift, and go to state 3
    "π"       shift, and go to state 4
    "e"       shift, and go to state 5
    "("       shift, and go to state 6
    "sin"     shift, and go to state 7
    "cos"     shift, and go to state 8
    "tan"     shift, and go to state 9
    "cot"     shift, and go to state 10
    "not"     shift, and go to state 11

    expression  go to state 50


State 33

   23 expression: expression "OR" • expression

    "number"  shift, and go to state 1
    "log"     shift, and go to state 2
    "root"    shift, and go to state 3
    "π"       shift, and go to state 4
    "e"       shift, and go to state 5
    "("       shift, and go to state 6
    "sin"     shift, and go to state 7
    "cos"     shift, and go to state 8
    "tan"     shift, and go to state 9
    "cot"     shift, and go to state 10
    "not"     shift, and go to state 11

    expression  go to state 51


State 34

   24 expression: expression "xor" • expression

    "number"  shift, and go to state 1
    "log"     shift, and go to state 2
    "root"    shift, and go to state 3
    "π"       shift, and go to state 4
    "e"       shift, and go to state 5
    "("       shift, and go to state 6
    "sin"     shift, and go to state 7
    "cos"     shift, and go to state 8
    "tan"     shift, and go to state 9
    "cot"     shift, and go to state 10
    "not"     shift, and go to state 11

    expression  go to state 52


State 35

   25 expression: expression "nand" • expression

    "number"  shift, and go to state 1
    "log"     shift, and go to state 2
    "root"    shift, and go to state 3
    "π"       shift, and go to state 4
    "e"       shift, and go to state 5
    "("       shift, and go to state 6
    "sin"     shift, and go to state 7
    "cos"     shift, and go to state 8
    "tan"     shift, and go to state 9
    "cot"     shift, and go to state 10
    "not"     shift, and go to state 11

    expression  go to state 53


State 36

    5 expression: expression • "+" expression
    6           | expression • "-" expression
    7           | expression • "*" expression
    8           | expression • "/" expression
   16           | expression • "^" expression
   18           | "log" "(" expression • ")"
   19           | expression • "mod" expression
   20           | expression • "!"
   22           | expression • "and" expression
   23           | expression • "OR" expression
   24           | expression • "xor" expression
   25           | expression • "nand" expression

    "+"     shift, and go to state 24
    "-"     shift, and go to state 25
    "*"     shift, and go to state 26
    "/"     shift, and go to state 27
    "^"     shift, and go to state 28
    "!"     shift, and go to state 29
    "mod"   shift, and go to state 30
    ")"     shift, and go to state 54
    "and"   shift, and go to state 32
    "OR"    shift, and go to state 33
    "xor"   shift, and go to state 34
    "nand"  shift, and go to state 35


State 37

    5 expression: expression • "+" expression
    6           | expression • "-" expression
    7           | expression • "*" expression
    8           | expression • "/" expression
   16           | expression • "^" expression
   17           | "root" "(" expression • ")"
   19           | expression • "mod" expression
   20           | expression • "!"
   22           | expression • "and" expression
   23           | expression • "OR" expression
   24           | expression • "xor" expression
   25           | expression • "nand" expression

    "+"     shift, and go to state 24
    "-"     shift, and go to state 25
    "*"     shift, and go to state 26
    "/"     shift, and go to state 27
    "^"     shift, and go to state 28
    "!"     shift, and go to state 29
    "mod"   shift, and go to state 30
    ")"     shift, and go to state 55
    "and"   shift, and go to state 32
    "OR"    shift, and go to state 33
    "xor"   shift, and go to state 34
    "nand"  shift, and go to state 35


State 38

    9 expression: "(" expression ")" •

    $default  reduce using rule 9 (expression)


State 39

    5 expression: expression • "+" expression
    6           | expression • "-" expression
    7           | expression • "*" expression
    8           | expression • "/" expression
   10           | "sin" "(" expression • ")"
   16           | expression • "^" expression
   19           | expression • "mod" expression
   20           | expression • "!"
   22           | expression • "and" expression
   23           | expression • "OR" expression
   24           | expression • "xor" expression
   25           | expression • "nand" expression

    "+"     shift, and go to state 24
    "-"     shift, and go to state 25
    "*"     shift, and go to state 26
    "/"     shift, and go to state 27
    "^"     shift, and go to state 28
    "!"     shift, and go to state 29
    "mod"   shift, and go to state 30
    ")"     shift, and go to state 56
    "and"   shift, and go to state 32
    "OR"    shift, and go to state 33
    "xor"   shift, and go to state 34
    "nand"  shift, and go to state 35


State 40

    5 expression: expression • "+" expression
    6           | expression • "-" expression
    7           | expression • "*" expression
    8           | expression • "/" expression
   11           | "cos" "(" expression • ")"
   16           | expression • "^" expression
   19           | expression • "mod" expression
   20           | expression • "!"
   22           | expression • "and" expression
   23           | expression • "OR" expression
   24           | expression • "xor" expression
   25           | expression • "nand" expression

    "+"     shift, and go to state 24
    "-"     shift, and go to state 25
    "*"     shift, and go to state 26
    "/"     shift, and go to state 27
    "^"     shift, and go to state 28
    "!"     shift, and go to state 29
    "mod"   shift, and go to state 30
    ")"     shift, and go to state 57
    "and"   shift, and go to state 32
    "OR"    shift, and go to state 33
    "xor"   shift, and go to state 34
    "nand"  shift, and go to state 35


State 41

    5 expression: expression • "+" expression
    6           | expression • "-" expression
    7           | expression • "*" expression
    8           | expression • "/" expression
   12           | "tan" "(" expression • ")"
   16           | expression • "^" expression
   19           | expression • "mod" expression
   20           | expression • "!"
   22           | expression • "and" expression
   23           | expression • "OR" expression
   24           | expression • "xor" expression
   25           | expression • "nand" expression

    "+"     shift, and go to state 24
    "-"     shift, and go to state 25
    "*"     shift, and go to state 26
    "/"     shift, and go to state 27
    "^"     shift, and go to state 28
    "!"     shift, and go to state 29
    "mod"   shift, and go to state 30
    ")"     shift, and go to state 58
    "and"   shift, and go to state 32
    "OR"    shift, and go to state 33
    "xor"   shift, and go to state 34
    "nand"  shift, and go to state 35


State 42

    5 expression: expression • "+" expression
    6           | expression • "-" expression
    7           | expression • "*" expression
    8           | expression • "/" expression
   13           | "cot" "(" expression • ")"
   16           | expression • "^" expression
   19           | expression • "mod" expression
   20           | expression • "!"
   22           | expression • "and" expression
   23           | expression • "OR" expression
   24           | expression • "xor" expression
   25           | expression • "nand" expression

    "+"     shift, and go to state 24
    "-"     shift, and go to state 25
    "*"     shift, and go to state 26
    "/"     shift, and go to state 27
    "^"     shift, and go to state 28
    "!"     shift, and go to state 29
    "mod"   shift, and go to state 30
    ")"     shift, and go to state 59
    "and"   shift, and go to state 32
    "OR"    shift, and go to state 33
    "xor"   shift, and go to state 34
    "nand"  shift, and go to state 35


State 43

    2 statements: statements expression ";" •

    $default  reduce using rule 2 (statements)


State 44

    5 expression: expression • "+" expression
    5           | expression "+" expression •
    6           | expression • "-" expression
    7           | expression • "*" expression
    8           | expression • "/" expression
   16           | expression • "^" expression
   19           | expression • "mod" expression
   20           | expression • "!"
   22           | expression • "and" expression
   23           | expression • "OR" expression
   24           | expression • "xor" expression
   25           | expression • "nand" expression

    "*"    shift, and go to state 26
    "/"    shift, and go to state 27
    "^"    shift, and go to state 28
    "!"    shift, and go to state 29
    "mod"  shift, and go to state 30

    $default  reduce using rule 5 (expression)


State 45

    5 expression: expression • "+" expression
    6           | expression • "-" expression
    6           | expression "-" expression •
    7           | expression • "*" expression
    8           | expression • "/" expression
   16           | expression • "^" expression
   19           | expression • "mod" expression
   20           | expression • "!"
   22           | expression • "and" expression
   23           | expression • "OR" expression
   24           | expression • "xor" expression
   25           | expression • "nand" expression

    "*"    shift, and go to state 26
    "/"    shift, and go to state 27
    "^"    shift, and go to state 28
    "!"    shift, and go to state 29
    "mod"  shift, and go to state 30

    $default  reduce using rule 6 (expression)


State 46

    5 expression: expression • "+" expression
    6           | expression • "-" expression
    7           | expression • "*" expression
    7           | expression "*" expression •
    8           | expression • "/" expression
   16           | expression • "^" expression
   19           | expression • "mod" expression
   20           | expression • "!"
   22           | expression • "and" expression
   23           | expression • "OR" expression
   24           | expression • "xor" expression
   25           | expression • "nand" expression

    "^"  shift, and go to state 28
    "!"  shift, and go to state 29

    $default  reduce using rule 7 (expression)


State 47

    5 expression: expression • "+" expression
    6           | expression • "-" expression
    7           | expression • "*" expression
    8           | expression • "/" expression
    8           | expression "/" expression •
   16           | expression • "^" expression
   19           | expression • "mod" expression
   20           | expression • "!"
   22           | expression • "and" expression
   23           | expression • "OR" expression
   24           | expression • "xor" expression
   25           | expression • "nand" expression

    "^"  shift, and go to state 28
    "!"  shift, and go to state 29

    $default  reduce using rule 8 (expression)


State 48

    5 expression: expression • "+" expression
    6           | expression • "-" expression
    7           | expression • "*" expression
    8           | expression • "/" expression
   16           | expression • "^" expression
   16           | expression "^" expression •
   19           | expression • "mod" expression
   20           | expression • "!"
   22           | expression • "and" expression
   23           | expression • "OR" expression
   24           | expression • "xor" expression
   25           | expression • "nand" expression

    "^"  shift, and go to state 28
    "!"  shift, and go to state 29

    $default  reduce using rule 16 (expression)


State 49

    5 expression: expression • "+" expression
    6           | expression • "-" expression
    7           | expression • "*" expression
    8           | expression • "/" expression
   16           | expression • "^" expression
   19           | expression • "mod" expression
   19           | expression "mod" expression •
   20           | expression • "!"
   22           | expression • "and" expression
   23           | expression • "OR" expression
   24           | expression • "xor" expression
   25           | expression • "nand" expression

    "^"  shift, and go to state 28
    "!"  shift, and go to state 29

    $default  reduce using rule 19 (expression)


State 50

    5 expression: expression • "+" expression
    6           | expression • "-" expression
    7           | expression • "*" expression
    8           | expression • "/" expression
   16           | expression • "^" expression
   19           | expression • "mod" expression
   20           | expression • "!"
   22           | expression • "and" expression
   22           | expression "and" expression •
   23           | expression • "OR" expression
   24           | expression • "xor" expression
   25           | expression • "nand" expression

    "+"    shift, and go to state 24
    "-"    shift, and go to state 25
    "*"    shift, and go to state 26
    "/"    shift, and go to state 27
    "^"    shift, and go to state 28
    "!"    shift, and go to state 29
    "mod"  shift, and go to state 30
    "OR"   shift, and go to state 33
    "xor"  shift, and go to state 34

    $default  reduce using rule 22 (expression)


State 51

    5 expression: expression • "+" expression
    6           | expression • "-" expression
    7           | expression • "*" expression
    8           | expression • "/" expression
   16           | expression • "^" expression
   19           | expression • "mod" expression
   20           | expression • "!"
   22           | expression • "and" expression
   23           | expression • "OR" expression
   23           | expression "OR" expression •
   24           | expression • "xor" expression
   25           | expression • "nand" expression

    "+"    shift, and go to state 24
    "-"    shift, and go to state 25
    "*"    shift, and go to state 26
    "/"    shift, and go to state 27
    "^"    shift, and go to state 28
    "!"    shift, and go to state 29
    "mod"  shift, and go to state 30
    "xor"  shift, and go to state 34

    $default  reduce using rule 23 (expression)


State 52

    5 expression: expression • "+" expression
    6           | expression • "-" expression
    7           | expression • "*" expression
    8           | expression • "/" expression
   16           | expression • "^" expression
   19           | expression • "mod" expression
   20           | expression • "!"
   22           | expression • "and" expression
   23           | expression • "OR" expression
   24           | expression • "xor" expression
   24           | expression "xor" expression •
   25           | expression • "nand" expression

    "+"    shift, and go to state 24
    "-"    shift, and go to state 25
    "*"    shift, and go to state 26
    "/"    shift, and go to state 27
    "^"    shift, and go to state 28
    "!"    shift, and go to state 29
    "mod"  shift, and go to state 30

    $default  reduce using rule 24 (expression)


State 53

    5 expression: expression • "+" expression
    6           | expression • "-" expression
    7           | expression • "*" expression
    8           | expression • "/" expression
   16           | expression • "^" expression
   19           | expression • "mod" expression
   20           | expression • "!"
   22           | expression • "and" expression
   23           | expression • "OR" expression
   24           | expression • "xor" expression
   25           | expression • "nand" expression
   25           | expression "nand" expression •

    "+"    shift, and go to state 24
    "-"    shift, and go to state 25
    "*"    shift, and go to state 26
    "/"    shift, and go to state 27
    "^"    shift, and go to state 28
    "!"    shift, and go to state 29
    "mod"  shift, and go to state 30
    "OR"   shift, and go to state 33
    "xor"  shift, and go to state 34

    $default  reduce using rule 25 (expression)


State 54

   18 expression: "log" "(" expression ")" •

    $default  reduce using rule 18 (expression)


State 55

   17 expression: "root" "(" expression ")" •

    $default  reduce using rule 17 (expression)


State 56

   10 expression: "sin" "(" expression ")" •

    $default  reduce using rule 10 (expression)


State 57

   11 expression: "cos" "(" expression ")" •

    $default  reduce using rule 11 (expression)


State 58

   12 expression: "tan" "(" expression ")" •

    $default  reduce using rule 12 (expression)


State 59

   13 expression: "cot" "(" expression ")" •

    $default  reduce using rule 13 (expression)
